// Jest Snapshot v1, https://goo.gl/fbAQLP

exports[`Testing HomeView container should render with the givent state from the redux store 1`] = `null`;
